[0130/105703.100:INFO:CONSOLE(7)] "THREE.ColladaLoader: File version 1.4.0", source: file:///C:/Program%20Files/AnyLogic%208.9%20Professional/plugins/com.anylogic.graphics3d_8.9.7.202512121159/static/init.js (7)
[0130/105703.127:INFO:CONSOLE(13)] "Loaded: file:C:/repos/anylogic-network-builder/AnylogicNetworkBuilder/3d/person.dae", source: file:///C:/Program%20Files/AnyLogic%208.9%20Professional/plugins/com.anylogic.graphics3d_8.9.7.202512121159/static/init.js (13)
[0130/105703.132:INFO:CONSOLE(13)] "Loaded: file:C:/repos/anylogic-network-builder/AnylogicNetworkBuilder/3d/person.dae", source: file:///C:/Program%20Files/AnyLogic%208.9%20Professional/plugins/com.anylogic.graphics3d_8.9.7.202512121159/static/init.js (13)
[0130/105900.984:ERROR:gpu_init.cc(523)] Passthrough is not supported, GL is disabled, ANGLE is 
[0130/115700.009:INFO:CONSOLE(7)] "THREE.ColladaLoader: File version 1.4.0", source: file:///C:/Program%20Files/AnyLogic%208.9%20Professional/plugins/com.anylogic.graphics3d_8.9.7.202512121159/static/init.js (7)
[0130/115700.077:INFO:CONSOLE(13)] "Loaded: file:C:/repos/anylogic-network-builder/AnylogicNetworkBuilder/3d/person.dae", source: file:///C:/Program%20Files/AnyLogic%208.9%20Professional/plugins/com.anylogic.graphics3d_8.9.7.202512121159/static/init.js (13)
[0130/115700.095:INFO:CONSOLE(13)] "Loaded: file:C:/repos/anylogic-network-builder/AnylogicNetworkBuilder/3d/person.dae", source: file:///C:/Program%20Files/AnyLogic%208.9%20Professional/plugins/com.anylogic.graphics3d_8.9.7.202512121159/static/init.js (13)
[0130/115857.099:ERROR:gpu_init.cc(523)] Passthrough is not supported, GL is disabled, ANGLE is 
[0130/123858.586:INFO:CONSOLE(7)] "THREE.ColladaLoader: File version 1.4.0", source: file:///C:/Program%20Files/AnyLogic%208.9%20Professional/plugins/com.anylogic.graphics3d_8.9.7.202512121159/static/init.js (7)
[0130/123858.612:INFO:CONSOLE(13)] "Loaded: file:C:/repos/anylogic-network-builder/AnylogicNetworkBuilder/3d/person.dae", source: file:///C:/Program%20Files/AnyLogic%208.9%20Professional/plugins/com.anylogic.graphics3d_8.9.7.202512121159/static/init.js (13)
[0130/123858.617:INFO:CONSOLE(13)] "Loaded: file:C:/repos/anylogic-network-builder/AnylogicNetworkBuilder/3d/person.dae", source: file:///C:/Program%20Files/AnyLogic%208.9%20Professional/plugins/com.anylogic.graphics3d_8.9.7.202512121159/static/init.js (13)
[0130/124056.681:ERROR:gpu_init.cc(523)] Passthrough is not supported, GL is disabled, ANGLE is 
[0130/124839.972:INFO:CONSOLE(7)] "THREE.ColladaLoader: File version 1.4.0", source: file:///C:/Program%20Files/AnyLogic%208.9%20Professional/plugins/com.anylogic.graphics3d_8.9.7.202512121159/static/init.js (7)
[0130/124839.994:INFO:CONSOLE(13)] "Loaded: file:C:/repos/anylogic-network-builder/AnylogicNetworkBuilder/3d/person.dae", source: file:///C:/Program%20Files/AnyLogic%208.9%20Professional/plugins/com.anylogic.graphics3d_8.9.7.202512121159/static/init.js (13)
[0130/124840.001:INFO:CONSOLE(13)] "Loaded: file:C:/repos/anylogic-network-builder/AnylogicNetworkBuilder/3d/person.dae", source: file:///C:/Program%20Files/AnyLogic%208.9%20Professional/plugins/com.anylogic.graphics3d_8.9.7.202512121159/static/init.js (13)
[0130/125200.765:INFO:CONSOLE(7)] "THREE.ColladaLoader: File version 1.4.0", source: file:///C:/Program%20Files/AnyLogic%208.9%20Professional/plugins/com.anylogic.graphics3d_8.9.7.202512121159/static/init.js (7)
[0130/125200.790:INFO:CONSOLE(13)] "Loaded: file:C:/repos/anylogic-network-builder/AnylogicNetworkBuilder/3d/person.dae", source: file:///C:/Program%20Files/AnyLogic%208.9%20Professional/plugins/com.anylogic.graphics3d_8.9.7.202512121159/static/init.js (13)
[0130/125200.796:INFO:CONSOLE(13)] "Loaded: file:C:/repos/anylogic-network-builder/AnylogicNetworkBuilder/3d/person.dae", source: file:///C:/Program%20Files/AnyLogic%208.9%20Professional/plugins/com.anylogic.graphics3d_8.9.7.202512121159/static/init.js (13)
[0130/125406.370:INFO:CONSOLE(7)] "THREE.ColladaLoader: File version 1.4.0", source: file:///C:/Program%20Files/AnyLogic%208.9%20Professional/plugins/com.anylogic.graphics3d_8.9.7.202512121159/static/init.js (7)
[0130/125406.391:INFO:CONSOLE(13)] "Loaded: file:C:/repos/anylogic-network-builder/AnylogicNetworkBuilder/3d/person.dae", source: file:///C:/Program%20Files/AnyLogic%208.9%20Professional/plugins/com.anylogic.graphics3d_8.9.7.202512121159/static/init.js (13)
[0130/125406.396:INFO:CONSOLE(13)] "Loaded: file:C:/repos/anylogic-network-builder/AnylogicNetworkBuilder/3d/person.dae", source: file:///C:/Program%20Files/AnyLogic%208.9%20Professional/plugins/com.anylogic.graphics3d_8.9.7.202512121159/static/init.js (13)
[0130/125613.487:INFO:CONSOLE(7)] "THREE.ColladaLoader: File version 1.4.0", source: file:///C:/Program%20Files/AnyLogic%208.9%20Professional/plugins/com.anylogic.graphics3d_8.9.7.202512121159/static/init.js (7)
[0130/125613.511:INFO:CONSOLE(13)] "Loaded: file:C:/repos/anylogic-network-builder/AnylogicNetworkBuilder/3d/person.dae", source: file:///C:/Program%20Files/AnyLogic%208.9%20Professional/plugins/com.anylogic.graphics3d_8.9.7.202512121159/static/init.js (13)
[0130/125613.516:INFO:CONSOLE(13)] "Loaded: file:C:/repos/anylogic-network-builder/AnylogicNetworkBuilder/3d/person.dae", source: file:///C:/Program%20Files/AnyLogic%208.9%20Professional/plugins/com.anylogic.graphics3d_8.9.7.202512121159/static/init.js (13)
[0130/125853.447:INFO:CONSOLE(7)] "THREE.ColladaLoader: File version 1.4.0", source: file:///C:/Program%20Files/AnyLogic%208.9%20Professional/plugins/com.anylogic.graphics3d_8.9.7.202512121159/static/init.js (7)
[0130/125853.472:INFO:CONSOLE(13)] "Loaded: file:C:/repos/anylogic-network-builder/AnylogicNetworkBuilder/3d/person.dae", source: file:///C:/Program%20Files/AnyLogic%208.9%20Professional/plugins/com.anylogic.graphics3d_8.9.7.202512121159/static/init.js (13)
[0130/125853.477:INFO:CONSOLE(13)] "Loaded: file:C:/repos/anylogic-network-builder/AnylogicNetworkBuilder/3d/person.dae", source: file:///C:/Program%20Files/AnyLogic%208.9%20Professional/plugins/com.anylogic.graphics3d_8.9.7.202512121159/static/init.js (13)
[0130/130130.431:INFO:CONSOLE(7)] "THREE.ColladaLoader: File version 1.4.0", source: file:///C:/Program%20Files/AnyLogic%208.9%20Professional/plugins/com.anylogic.graphics3d_8.9.7.202512121159/static/init.js (7)
[0130/130130.452:INFO:CONSOLE(13)] "Loaded: file:C:/repos/anylogic-network-builder/AnylogicNetworkBuilder/3d/person.dae", source: file:///C:/Program%20Files/AnyLogic%208.9%20Professional/plugins/com.anylogic.graphics3d_8.9.7.202512121159/static/init.js (13)
[0130/130130.457:INFO:CONSOLE(13)] "Loaded: file:C:/repos/anylogic-network-builder/AnylogicNetworkBuilder/3d/person.dae", source: file:///C:/Program%20Files/AnyLogic%208.9%20Professional/plugins/com.anylogic.graphics3d_8.9.7.202512121159/static/init.js (13)
[0130/130328.751:ERROR:gpu_init.cc(523)] Passthrough is not supported, GL is disabled, ANGLE is 
[0130/131005.408:INFO:CONSOLE(7)] "THREE.ColladaLoader: File version 1.4.0", source: file:///C:/Program%20Files/AnyLogic%208.9%20Professional/plugins/com.anylogic.graphics3d_8.9.7.202512121159/static/init.js (7)
[0130/131005.428:INFO:CONSOLE(13)] "Loaded: file:C:/repos/anylogic-network-builder/AnylogicNetworkBuilder/3d/person.dae", source: file:///C:/Program%20Files/AnyLogic%208.9%20Professional/plugins/com.anylogic.graphics3d_8.9.7.202512121159/static/init.js (13)
[0130/131005.433:INFO:CONSOLE(13)] "Loaded: file:C:/repos/anylogic-network-builder/AnylogicNetworkBuilder/3d/person.dae", source: file:///C:/Program%20Files/AnyLogic%208.9%20Professional/plugins/com.anylogic.graphics3d_8.9.7.202512121159/static/init.js (13)
[0130/132115.857:INFO:CONSOLE(7)] "THREE.ColladaLoader: File version 1.4.0", source: file:///C:/Program%20Files/AnyLogic%208.9%20Professional/plugins/com.anylogic.graphics3d_8.9.7.202512121159/static/init.js (7)
[0130/132115.885:INFO:CONSOLE(13)] "Loaded: file:C:/repos/anylogic-network-builder/AnylogicNetworkBuilder/3d/person.dae", source: file:///C:/Program%20Files/AnyLogic%208.9%20Professional/plugins/com.anylogic.graphics3d_8.9.7.202512121159/static/init.js (13)
[0130/132115.892:INFO:CONSOLE(13)] "Loaded: file:C:/repos/anylogic-network-builder/AnylogicNetworkBuilder/3d/person.dae", source: file:///C:/Program%20Files/AnyLogic%208.9%20Professional/plugins/com.anylogic.graphics3d_8.9.7.202512121159/static/init.js (13)
[0130/132314.336:ERROR:gpu_init.cc(523)] Passthrough is not supported, GL is disabled, ANGLE is 
[0130/132616.664:INFO:CONSOLE(7)] "THREE.ColladaLoader: File version 1.4.0", source: file:///C:/Program%20Files/AnyLogic%208.9%20Professional/plugins/com.anylogic.graphics3d_8.9.7.202512121159/static/init.js (7)
[0130/132616.691:INFO:CONSOLE(13)] "Loaded: file:C:/repos/anylogic-network-builder/AnylogicNetworkBuilder/3d/person.dae", source: file:///C:/Program%20Files/AnyLogic%208.9%20Professional/plugins/com.anylogic.graphics3d_8.9.7.202512121159/static/init.js (13)
[0130/132616.697:INFO:CONSOLE(13)] "Loaded: file:C:/repos/anylogic-network-builder/AnylogicNetworkBuilder/3d/person.dae", source: file:///C:/Program%20Files/AnyLogic%208.9%20Professional/plugins/com.anylogic.graphics3d_8.9.7.202512121159/static/init.js (13)
[0130/133112.103:INFO:CONSOLE(7)] "THREE.ColladaLoader: File version 1.4.0", source: file:///C:/Program%20Files/AnyLogic%208.9%20Professional/plugins/com.anylogic.graphics3d_8.9.7.202512121159/static/init.js (7)
[0130/133112.128:INFO:CONSOLE(13)] "Loaded: file:C:/repos/anylogic-network-builder/AnylogicNetworkBuilder/3d/person.dae", source: file:///C:/Program%20Files/AnyLogic%208.9%20Professional/plugins/com.anylogic.graphics3d_8.9.7.202512121159/static/init.js (13)
[0130/133112.134:INFO:CONSOLE(13)] "Loaded: file:C:/repos/anylogic-network-builder/AnylogicNetworkBuilder/3d/person.dae", source: file:///C:/Program%20Files/AnyLogic%208.9%20Professional/plugins/com.anylogic.graphics3d_8.9.7.202512121159/static/init.js (13)
[0130/133310.337:ERROR:gpu_init.cc(523)] Passthrough is not supported, GL is disabled, ANGLE is 
[0130/134342.558:INFO:CONSOLE(7)] "THREE.ColladaLoader: File version 1.4.0", source: file:///C:/Program%20Files/AnyLogic%208.9%20Professional/plugins/com.anylogic.graphics3d_8.9.7.202512121159/static/init.js (7)
[0130/134342.584:INFO:CONSOLE(13)] "Loaded: file:C:/repos/anylogic-network-builder/AnylogicNetworkBuilder/3d/person.dae", source: file:///C:/Program%20Files/AnyLogic%208.9%20Professional/plugins/com.anylogic.graphics3d_8.9.7.202512121159/static/init.js (13)
[0130/134342.592:INFO:CONSOLE(13)] "Loaded: file:C:/repos/anylogic-network-builder/AnylogicNetworkBuilder/3d/person.dae", source: file:///C:/Program%20Files/AnyLogic%208.9%20Professional/plugins/com.anylogic.graphics3d_8.9.7.202512121159/static/init.js (13)
[0130/134540.701:ERROR:gpu_init.cc(523)] Passthrough is not supported, GL is disabled, ANGLE is 
[0130/134947.321:INFO:CONSOLE(7)] "THREE.ColladaLoader: File version 1.4.0", source: file:///C:/Program%20Files/AnyLogic%208.9%20Professional/plugins/com.anylogic.graphics3d_8.9.7.202512121159/static/init.js (7)
[0130/134947.342:INFO:CONSOLE(13)] "Loaded: file:C:/repos/anylogic-network-builder/AnylogicNetworkBuilder/3d/person.dae", source: file:///C:/Program%20Files/AnyLogic%208.9%20Professional/plugins/com.anylogic.graphics3d_8.9.7.202512121159/static/init.js (13)
[0130/134947.347:INFO:CONSOLE(13)] "Loaded: file:C:/repos/anylogic-network-builder/AnylogicNetworkBuilder/3d/person.dae", source: file:///C:/Program%20Files/AnyLogic%208.9%20Professional/plugins/com.anylogic.graphics3d_8.9.7.202512121159/static/init.js (13)
[0130/135800.877:INFO:CONSOLE(7)] "THREE.ColladaLoader: File version 1.4.0", source: file:///C:/Program%20Files/AnyLogic%208.9%20Professional/plugins/com.anylogic.graphics3d_8.9.7.202512121159/static/init.js (7)
[0130/135800.900:INFO:CONSOLE(13)] "Loaded: file:C:/repos/anylogic-network-builder/AnylogicNetworkBuilder/3d/person.dae", source: file:///C:/Program%20Files/AnyLogic%208.9%20Professional/plugins/com.anylogic.graphics3d_8.9.7.202512121159/static/init.js (13)
[0130/135800.905:INFO:CONSOLE(13)] "Loaded: file:C:/repos/anylogic-network-builder/AnylogicNetworkBuilder/3d/person.dae", source: file:///C:/Program%20Files/AnyLogic%208.9%20Professional/plugins/com.anylogic.graphics3d_8.9.7.202512121159/static/init.js (13)
[0130/140006.756:INFO:CONSOLE(7)] "THREE.ColladaLoader: File version 1.4.0", source: file:///C:/Program%20Files/AnyLogic%208.9%20Professional/plugins/com.anylogic.graphics3d_8.9.7.202512121159/static/init.js (7)
[0130/140006.777:INFO:CONSOLE(13)] "Loaded: file:C:/repos/anylogic-network-builder/AnylogicNetworkBuilder/3d/person.dae", source: file:///C:/Program%20Files/AnyLogic%208.9%20Professional/plugins/com.anylogic.graphics3d_8.9.7.202512121159/static/init.js (13)
[0130/140006.783:INFO:CONSOLE(13)] "Loaded: file:C:/repos/anylogic-network-builder/AnylogicNetworkBuilder/3d/person.dae", source: file:///C:/Program%20Files/AnyLogic%208.9%20Professional/plugins/com.anylogic.graphics3d_8.9.7.202512121159/static/init.js (13)
[0130/140205.139:ERROR:gpu_init.cc(523)] Passthrough is not supported, GL is disabled, ANGLE is 
[0202/085827.385:INFO:CONSOLE(7)] "THREE.ColladaLoader: File version 1.4.0", source: file:///C:/Program%20Files/AnyLogic%208.9%20Professional/plugins/com.anylogic.graphics3d_8.9.7.202512121159/static/init.js (7)
[0202/085827.407:INFO:CONSOLE(13)] "Loaded: file:C:/repos/anylogic-network-builder/AnylogicNetworkBuilder/3d/person.dae", source: file:///C:/Program%20Files/AnyLogic%208.9%20Professional/plugins/com.anylogic.graphics3d_8.9.7.202512121159/static/init.js (13)
[0202/085827.412:INFO:CONSOLE(13)] "Loaded: file:C:/repos/anylogic-network-builder/AnylogicNetworkBuilder/3d/person.dae", source: file:///C:/Program%20Files/AnyLogic%208.9%20Professional/plugins/com.anylogic.graphics3d_8.9.7.202512121159/static/init.js (13)
[0202/090322.479:INFO:CONSOLE(7)] "THREE.ColladaLoader: File version 1.4.0", source: file:///C:/Program%20Files/AnyLogic%208.9%20Professional/plugins/com.anylogic.graphics3d_8.9.7.202512121159/static/init.js (7)
[0202/090322.506:INFO:CONSOLE(13)] "Loaded: file:C:/repos/anylogic-network-builder/AnylogicNetworkBuilder/3d/person.dae", source: file:///C:/Program%20Files/AnyLogic%208.9%20Professional/plugins/com.anylogic.graphics3d_8.9.7.202512121159/static/init.js (13)
[0202/090322.513:INFO:CONSOLE(13)] "Loaded: file:C:/repos/anylogic-network-builder/AnylogicNetworkBuilder/3d/person.dae", source: file:///C:/Program%20Files/AnyLogic%208.9%20Professional/plugins/com.anylogic.graphics3d_8.9.7.202512121159/static/init.js (13)
[0202/090520.549:ERROR:gpu_init.cc(523)] Passthrough is not supported, GL is disabled, ANGLE is 
[0915/093807.856:INFO:CONSOLE(7)] "THREE.ColladaLoader: File version 1.4.0", source: file:///C:/Program%20Files/AnyLogic%208.9%20Personal%20Learning%20Edition/plugins/com.anylogic.graphics3d_8.9.9.202607020720/static/init.js (7)
[0915/093807.928:INFO:CONSOLE(13)] "Loaded: file:C:/repos/anylogic-open-pit-mine/model/3d/person.dae", source: file:///C:/Program%20Files/AnyLogic%208.9%20Personal%20Learning%20Edition/plugins/com.anylogic.graphics3d_8.9.9.202607020720/static/init.js (13)
[0915/093807.942:INFO:CONSOLE(13)] "Loaded: file:C:/repos/anylogic-open-pit-mine/model/3d/person.dae", source: file:///C:/Program%20Files/AnyLogic%208.9%20Personal%20Learning%20Edition/plugins/com.anylogic.graphics3d_8.9.9.202607020720/static/init.js (13)
[0915/093957.114:INFO:CONSOLE(7)] "THREE.ColladaLoader: File version 1.4.0", source: file:///C:/Program%20Files/AnyLogic%208.9%20Personal%20Learning%20Edition/plugins/com.anylogic.graphics3d_8.9.9.202607020720/static/init.js (7)
[0915/093957.122:INFO:CONSOLE(13)] "Loaded: file:C:/repos/anylogic-open-pit-mine/examples/GrainTerminal/3d/building_3.dae", source: file:///C:/Program%20Files/AnyLogic%208.9%20Personal%20Learning%20Edition/plugins/com.anylogic.graphics3d_8.9.9.202607020720/static/init.js (13)
[0915/093957.129:INFO:CONSOLE(13)] "Loaded: file:C:/repos/anylogic-open-pit-mine/examples/GrainTerminal/3d/building_3.dae", source: file:///C:/Program%20Files/AnyLogic%208.9%20Personal%20Learning%20Edition/plugins/com.anylogic.graphics3d_8.9.9.202607020720/static/init.js (13)
[0915/093957.153:INFO:CONSOLE(7)] "THREE.ColladaLoader: File version 1.4.0", source: file:///C:/Program%20Files/AnyLogic%208.9%20Personal%20Learning%20Edition/plugins/com.anylogic.graphics3d_8.9.9.202607020720/static/init.js (7)
[0915/093957.156:INFO:CONSOLE(13)] "Loaded: file:C:/repos/anylogic-open-pit-mine/examples/GrainTerminal/3d/warehouse_2.dae", source: file:///C:/Program%20Files/AnyLogic%208.9%20Personal%20Learning%20Edition/plugins/com.anylogic.graphics3d_8.9.9.202607020720/static/init.js (13)
[0915/093957.161:INFO:CONSOLE(13)] "Loaded: file:C:/repos/anylogic-open-pit-mine/examples/GrainTerminal/3d/warehouse_2.dae", source: file:///C:/Program%20Files/AnyLogic%208.9%20Personal%20Learning%20Edition/plugins/com.anylogic.graphics3d_8.9.9.202607020720/static/init.js (13)
[0915/093957.173:INFO:CONSOLE(7)] "THREE.ColladaLoader: File version 1.4.0", source: file:///C:/Program%20Files/AnyLogic%208.9%20Personal%20Learning%20Edition/plugins/com.anylogic.graphics3d_8.9.9.202607020720/static/init.js (7)
[0915/093957.177:INFO:CONSOLE(13)] "Loaded: file:C:/repos/anylogic-open-pit-mine/examples/GrainTerminal/3d/tree_1.dae", source: file:///C:/Program%20Files/AnyLogic%208.9%20Personal%20Learning%20Edition/plugins/com.anylogic.graphics3d_8.9.9.202607020720/static/init.js (13)
[0915/093957.180:INFO:CONSOLE(13)] "Loaded: file:C:/repos/anylogic-open-pit-mine/examples/GrainTerminal/3d/tree_1.dae", source: file:///C:/Program%20Files/AnyLogic%208.9%20Personal%20Learning%20Edition/plugins/com.anylogic.graphics3d_8.9.9.202607020720/static/init.js (13)
[0915/093957.196:INFO:CONSOLE(7)] "THREE.ColladaLoader: File version 1.4.0", source: file:///C:/Program%20Files/AnyLogic%208.9%20Personal%20Learning%20Edition/plugins/com.anylogic.graphics3d_8.9.9.202607020720/static/init.js (7)
[0915/093957.203:INFO:CONSOLE(13)] "Loaded: file:C:/repos/anylogic-open-pit-mine/examples/GrainTerminal/3d/truck.dae", source: file:///C:/Program%20Files/AnyLogic%208.9%20Personal%20Learning%20Edition/plugins/com.anylogic.graphics3d_8.9.9.202607020720/static/init.js (13)
[0915/093957.206:INFO:CONSOLE(13)] "Loaded: file:C:/repos/anylogic-open-pit-mine/examples/GrainTerminal/3d/truck.dae", source: file:///C:/Program%20Files/AnyLogic%208.9%20Personal%20Learning%20Edition/plugins/com.anylogic.graphics3d_8.9.9.202607020720/static/init.js (13)
[0915/093957.219:INFO:CONSOLE(7)] "THREE.ColladaLoader: File version 1.4.0", source: file:///C:/Program%20Files/AnyLogic%208.9%20Personal%20Learning%20Edition/plugins/com.anylogic.graphics3d_8.9.9.202607020720/static/init.js (7)
[0915/093957.229:INFO:CONSOLE(13)] "Loaded: file:C:/repos/anylogic-open-pit-mine/examples/GrainTerminal/3d/locomotive.dae", source: file:///C:/Program%20Files/AnyLogic%208.9%20Personal%20Learning%20Edition/plugins/com.anylogic.graphics3d_8.9.9.202607020720/static/init.js (13)
[0915/093957.233:INFO:CONSOLE(13)] "Loaded: file:C:/repos/anylogic-open-pit-mine/examples/GrainTerminal/3d/locomotive.dae", source: file:///C:/Program%20Files/AnyLogic%208.9%20Personal%20Learning%20Edition/plugins/com.anylogic.graphics3d_8.9.9.202607020720/static/init.js (13)
[0915/093957.262:INFO:CONSOLE(7)] "THREE.ColladaLoader: File version 1.4.0", source: file:///C:/Program%20Files/AnyLogic%208.9%20Personal%20Learning%20Edition/plugins/com.anylogic.graphics3d_8.9.9.202607020720/static/init.js (7)
[0915/093957.268:INFO:CONSOLE(13)] "Loaded: file:C:/repos/anylogic-open-pit-mine/examples/GrainTerminal/3d/hoppercar.dae", source: file:///C:/Program%20Files/AnyLogic%208.9%20Personal%20Learning%20Edition/plugins/com.anylogic.graphics3d_8.9.9.202607020720/static/init.js (13)
[0915/093957.273:INFO:CONSOLE(13)] "Loaded: file:C:/repos/anylogic-open-pit-mine/examples/GrainTerminal/3d/hoppercar.dae", source: file:///C:/Program%20Files/AnyLogic%208.9%20Personal%20Learning%20Edition/plugins/com.anylogic.graphics3d_8.9.9.202607020720/static/init.js (13)
[0915/093957.290:INFO:CONSOLE(7)] "THREE.ColladaLoader: File version 1.4.0", source: file:///C:/Program%20Files/AnyLogic%208.9%20Personal%20Learning%20Edition/plugins/com.anylogic.graphics3d_8.9.9.202607020720/static/init.js (7)
[0915/093957.295:INFO:CONSOLE(13)] "Loaded: file:C:/repos/anylogic-open-pit-mine/examples/GrainTerminal/3d/bulk_carrier.dae", source: file:///C:/Program%20Files/AnyLogic%208.9%20Personal%20Learning%20Edition/plugins/com.anylogic.graphics3d_8.9.9.202607020720/static/init.js (13)
[0915/093957.298:INFO:CONSOLE(13)] "Loaded: file:C:/repos/anylogic-open-pit-mine/examples/GrainTerminal/3d/bulk_carrier.dae", source: file:///C:/Program%20Files/AnyLogic%208.9%20Personal%20Learning%20Edition/plugins/com.anylogic.graphics3d_8.9.9.202607020720/static/init.js (13)
[0915/094005.939:ERROR:gpu_init.cc(523)] Passthrough is not supported, GL is disabled, ANGLE is 
[0915/095036.981:INFO:CONSOLE(7)] "THREE.ColladaLoader: File version 1.4.0", source: file:///C:/Program%20Files/AnyLogic%208.9%20Personal%20Learning%20Edition/plugins/com.anylogic.graphics3d_8.9.9.202607020720/static/init.js (7)
[0915/095037.023:INFO:CONSOLE(13)] "Loaded: file:C:/ProgramData/AnyLogic 8.9 Personal Learning Edition/eclipse/plugins/com.anylogic.examples_8.9.9.202607020720/basicmodels/Bus Routing/3d/tree_2.dae", source: file:///C:/Program%20Files/AnyLogic%208.9%20Personal%20Learning%20Edition/plugins/com.anylogic.graphics3d_8.9.9.202607020720/static/init.js (13)
[0915/095037.027:INFO:CONSOLE(13)] "Loaded: file:C:/ProgramData/AnyLogic 8.9 Personal Learning Edition/eclipse/plugins/com.anylogic.examples_8.9.9.202607020720/basicmodels/Bus Routing/3d/tree_2.dae", source: file:///C:/Program%20Files/AnyLogic%208.9%20Personal%20Learning%20Edition/plugins/com.anylogic.graphics3d_8.9.9.202607020720/static/init.js (13)
[0915/095037.045:INFO:CONSOLE(7)] "THREE.ColladaLoader: File version 1.4.0", source: file:///C:/Program%20Files/AnyLogic%208.9%20Personal%20Learning%20Edition/plugins/com.anylogic.graphics3d_8.9.9.202607020720/static/init.js (7)
[0915/095037.055:INFO:CONSOLE(13)] "Loaded: file:C:/ProgramData/AnyLogic 8.9 Personal Learning Edition/eclipse/plugins/com.anylogic.examples_8.9.9.202607020720/basicmodels/Bus Routing/3d/tree_3.dae", source: file:///C:/Program%20Files/AnyLogic%208.9%20Personal%20Learning%20Edition/plugins/com.anylogic.graphics3d_8.9.9.202607020720/static/init.js (13)
[0915/095037.062:INFO:CONSOLE(13)] "Loaded: file:C:/ProgramData/AnyLogic 8.9 Personal Learning Edition/eclipse/plugins/com.anylogic.examples_8.9.9.202607020720/basicmodels/Bus Routing/3d/tree_3.dae", source: file:///C:/Program%20Files/AnyLogic%208.9%20Personal%20Learning%20Edition/plugins/com.anylogic.graphics3d_8.9.9.202607020720/static/init.js (13)
[0915/095037.077:INFO:CONSOLE(7)] "THREE.ColladaLoader: File version 1.4.0", source: file:///C:/Program%20Files/AnyLogic%208.9%20Personal%20Learning%20Edition/plugins/com.anylogic.graphics3d_8.9.9.202607020720/static/init.js (7)
[0915/095037.080:INFO:CONSOLE(13)] "Loaded: file:C:/ProgramData/AnyLogic 8.9 Personal Learning Edition/eclipse/plugins/com.anylogic.examples_8.9.9.202607020720/basicmodels/Bus Routing/3d/hospital.dae", source: file:///C:/Program%20Files/AnyLogic%208.9%20Personal%20Learning%20Edition/plugins/com.anylogic.graphics3d_8.9.9.202607020720/static/init.js (13)
[0915/095037.089:INFO:CONSOLE(13)] "Loaded: file:C:/ProgramData/AnyLogic 8.9 Personal Learning Edition/eclipse/plugins/com.anylogic.examples_8.9.9.202607020720/basicmodels/Bus Routing/3d/hospital.dae", source: file:///C:/Program%20Files/AnyLogic%208.9%20Personal%20Learning%20Edition/plugins/com.anylogic.graphics3d_8.9.9.202607020720/static/init.js (13)
[0915/095037.106:INFO:CONSOLE(7)] "THREE.ColladaLoader: File version 1.4.0", source: file:///C:/Program%20Files/AnyLogic%208.9%20Personal%20Learning%20Edition/plugins/com.anylogic.graphics3d_8.9.9.202607020720/static/init.js (7)
[0915/095037.109:INFO:CONSOLE(13)] "Loaded: file:C:/ProgramData/AnyLogic 8.9 Personal Learning Edition/eclipse/plugins/com.anylogic.examples_8.9.9.202607020720/basicmodels/Bus Routing/3d/store.dae", source: file:///C:/Program%20Files/AnyLogic%208.9%20Personal%20Learning%20Edition/plugins/com.anylogic.graphics3d_8.9.9.202607020720/static/init.js (13)
[0915/095037.122:INFO:CONSOLE(13)] "Loaded: file:C:/ProgramData/AnyLogic 8.9 Personal Learning Edition/eclipse/plugins/com.anylogic.examples_8.9.9.202607020720/basicmodels/Bus Routing/3d/store.dae", source: file:///C:/Program%20Files/AnyLogic%208.9%20Personal%20Learning%20Edition/plugins/com.anylogic.graphics3d_8.9.9.202607020720/static/init.js (13)
[0915/095037.138:INFO:CONSOLE(7)] "THREE.ColladaLoader: File version 1.4.0", source: file:///C:/Program%20Files/AnyLogic%208.9%20Personal%20Learning%20Edition/plugins/com.anylogic.graphics3d_8.9.9.202607020720/static/init.js (7)
[0915/095037.140:INFO:CONSOLE(13)] "Loaded: file:C:/ProgramData/AnyLogic 8.9 Personal Learning Edition/eclipse/plugins/com.anylogic.examples_8.9.9.202607020720/basicmodels/Bus Routing/3d/auto_service.dae", source: file:///C:/Program%20Files/AnyLogic%208.9%20Personal%20Learning%20Edition/plugins/com.anylogic.graphics3d_8.9.9.202607020720/static/init.js (13)
[0915/095037.143:INFO:CONSOLE(13)] "Loaded: file:C:/ProgramData/AnyLogic 8.9 Personal Learning Edition/eclipse/plugins/com.anylogic.examples_8.9.9.202607020720/basicmodels/Bus Routing/3d/auto_service.dae", source: file:///C:/Program%20Files/AnyLogic%208.9%20Personal%20Learning%20Edition/plugins/com.anylogic.graphics3d_8.9.9.202607020720/static/init.js (13)
[0915/095037.158:INFO:CONSOLE(7)] "THREE.ColladaLoader: File version 1.4.0", source: file:///C:/Program%20Files/AnyLogic%208.9%20Personal%20Learning%20Edition/plugins/com.anylogic.graphics3d_8.9.9.202607020720/static/init.js (7)
[0915/095037.161:INFO:CONSOLE(13)] "Loaded: file:C:/ProgramData/AnyLogic 8.9 Personal Learning Edition/eclipse/plugins/com.anylogic.examples_8.9.9.202607020720/basicmodels/Bus Routing/3d/building_1.dae", source: file:///C:/Program%20Files/AnyLogic%208.9%20Personal%20Learning%20Edition/plugins/com.anylogic.graphics3d_8.9.9.202607020720/static/init.js (13)
[0915/095037.164:INFO:CONSOLE(13)] "Loaded: file:C:/ProgramData/AnyLogic 8.9 Personal Learning Edition/eclipse/plugins/com.anylogic.examples_8.9.9.202607020720/basicmodels/Bus Routing/3d/building_1.dae", source: file:///C:/Program%20Files/AnyLogic%208.9%20Personal%20Learning%20Edition/plugins/com.anylogic.graphics3d_8.9.9.202607020720/static/init.js (13)
[0915/095037.178:INFO:CONSOLE(7)] "THREE.ColladaLoader: File version 1.4.0", source: file:///C:/Program%20Files/AnyLogic%208.9%20Personal%20Learning%20Edition/plugins/com.anylogic.graphics3d_8.9.9.202607020720/static/init.js (7)
[0915/095037.180:INFO:CONSOLE(13)] "Loaded: file:C:/ProgramData/AnyLogic 8.9 Personal Learning Edition/eclipse/plugins/com.anylogic.examples_8.9.9.202607020720/basicmodels/Bus Routing/3d/billboard.dae", source: file:///C:/Program%20Files/AnyLogic%208.9%20Personal%20Learning%20Edition/plugins/com.anylogic.graphics3d_8.9.9.202607020720/static/init.js (13)
[0915/095037.184:INFO:CONSOLE(13)] "Loaded: file:C:/ProgramData/AnyLogic 8.9 Personal Learning Edition/eclipse/plugins/com.anylogic.examples_8.9.9.202607020720/basicmodels/Bus Routing/3d/billboard.dae", source: file:///C:/Program%20Files/AnyLogic%208.9%20Personal%20Learning%20Edition/plugins/com.anylogic.graphics3d_8.9.9.202607020720/static/init.js (13)
[0915/095037.200:INFO:CONSOLE(7)] "THREE.ColladaLoader: File version 1.4.0", source: file:///C:/Program%20Files/AnyLogic%208.9%20Personal%20Learning%20Edition/plugins/com.anylogic.graphics3d_8.9.9.202607020720/static/init.js (7)
[0915/095037.203:INFO:CONSOLE(13)] "Loaded: file:C:/ProgramData/AnyLogic 8.9 Personal Learning Edition/eclipse/plugins/com.anylogic.examples_8.9.9.202607020720/basicmodels/Bus Routing/3d/bench.dae", source: file:///C:/Program%20Files/AnyLogic%208.9%20Personal%20Learning%20Edition/plugins/com.anylogic.graphics3d_8.9.9.202607020720/static/init.js (13)
[0915/095037.209:INFO:CONSOLE(13)] "Loaded: file:C:/ProgramData/AnyLogic 8.9 Personal Learning Edition/eclipse/plugins/com.anylogic.examples_8.9.9.202607020720/basicmodels/Bus Routing/3d/bench.dae", source: file:///C:/Program%20Files/AnyLogic%208.9%20Personal%20Learning%20Edition/plugins/com.anylogic.graphics3d_8.9.9.202607020720/static/init.js (13)
[0915/095037.219:INFO:CONSOLE(7)] "THREE.ColladaLoader: File version 1.4.0", source: file:///C:/Program%20Files/AnyLogic%208.9%20Personal%20Learning%20Edition/plugins/com.anylogic.graphics3d_8.9.9.202607020720/static/init.js (7)
[0915/095037.221:INFO:CONSOLE(13)] "Loaded: file:C:/ProgramData/AnyLogic 8.9 Personal Learning Edition/eclipse/plugins/com.anylogic.examples_8.9.9.202607020720/basicmodels/Bus Routing/3d/warehouse_2.dae", source: file:///C:/Program%20Files/AnyLogic%208.9%20Personal%20Learning%20Edition/plugins/com.anylogic.graphics3d_8.9.9.202607020720/static/init.js (13)
[0915/095037.224:INFO:CONSOLE(13)] "Loaded: file:C:/ProgramData/AnyLogic 8.9 Personal Learning Edition/eclipse/plugins/com.anylogic.examples_8.9.9.202607020720/basicmodels/Bus Routing/3d/warehouse_2.dae", source: file:///C:/Program%20Files/AnyLogic%208.9%20Personal%20Learning%20Edition/plugins/com.anylogic.graphics3d_8.9.9.202607020720/static/init.js (13)
[0915/095037.233:INFO:CONSOLE(13)] "Loaded: file:C:/ProgramData/AnyLogic 8.9 Personal Learning Edition/eclipse/plugins/com.anylogic.examples_8.9.9.202607020720/basicmodels/Bus Routing/3d/building_1.dae", source: file:///C:/Program%20Files/AnyLogic%208.9%20Personal%20Learning%20Edition/plugins/com.anylogic.graphics3d_8.9.9.202607020720/static/init.js (13)
[0915/095037.245:INFO:CONSOLE(7)] "THREE.ColladaLoader: File version 1.4.0", source: file:///C:/Program%20Files/AnyLogic%208.9%20Personal%20Learning%20Edition/plugins/com.anylogic.graphics3d_8.9.9.202607020720/static/init.js (7)
[0915/095037.249:INFO:CONSOLE(13)] "Loaded: file:C:/ProgramData/AnyLogic 8.9 Personal Learning Edition/eclipse/plugins/com.anylogic.examples_8.9.9.202607020720/basicmodels/Bus Routing/3d/building_2.dae", source: file:///C:/Program%20Files/AnyLogic%208.9%20Personal%20Learning%20Edition/plugins/com.anylogic.graphics3d_8.9.9.202607020720/static/init.js (13)
[0915/095037.253:INFO:CONSOLE(13)] "Loaded: file:C:/ProgramData/AnyLogic 8.9 Personal Learning Edition/eclipse/plugins/com.anylogic.examples_8.9.9.202607020720/basicmodels/Bus Routing/3d/building_2.dae", source: file:///C:/Program%20Files/AnyLogic%208.9%20Personal%20Learning%20Edition/plugins/com.anylogic.graphics3d_8.9.9.202607020720/static/init.js (13)
[0915/095037.264:INFO:CONSOLE(7)] "THREE.ColladaLoader: File version 1.4.0", source: file:///C:/Program%20Files/AnyLogic%208.9%20Personal%20Learning%20Edition/plugins/com.anylogic.graphics3d_8.9.9.202607020720/static/init.js (7)
[0915/095037.266:INFO:CONSOLE(13)] "Loaded: file:C:/ProgramData/AnyLogic 8.9 Personal Learning Edition/eclipse/plugins/com.anylogic.examples_8.9.9.202607020720/basicmodels/Bus Routing/3d/building_3.dae", source: file:///C:/Program%20Files/AnyLogic%208.9%20Personal%20Learning%20Edition/plugins/com.anylogic.graphics3d_8.9.9.202607020720/static/init.js (13)
[0915/095037.270:INFO:CONSOLE(13)] "Loaded: file:C:/ProgramData/AnyLogic 8.9 Personal Learning Edition/eclipse/plugins/com.anylogic.examples_8.9.9.202607020720/basicmodels/Bus Routing/3d/building_3.dae", source: file:///C:/Program%20Files/AnyLogic%208.9%20Personal%20Learning%20Edition/plugins/com.anylogic.graphics3d_8.9.9.202607020720/static/init.js (13)
[0915/095037.281:INFO:CONSOLE(7)] "THREE.ColladaLoader: File version 1.4.0", source: file:///C:/Program%20Files/AnyLogic%208.9%20Personal%20Learning%20Edition/plugins/com.anylogic.graphics3d_8.9.9.202607020720/static/init.js (7)
[0915/095037.285:INFO:CONSOLE(13)] "Loaded: file:C:/ProgramData/AnyLogic 8.9 Personal Learning Edition/eclipse/plugins/com.anylogic.examples_8.9.9.202607020720/basicmodels/Bus Routing/3d/fighter.dae", source: file:///C:/Program%20Files/AnyLogic%208.9%20Personal%20Learning%20Edition/plugins/com.anylogic.graphics3d_8.9.9.202607020720/static/init.js (13)
[0915/095037.289:INFO:CONSOLE(13)] "Loaded: file:C:/ProgramData/AnyLogic 8.9 Personal Learning Edition/eclipse/plugins/com.anylogic.examples_8.9.9.202607020720/basicmodels/Bus Routing/3d/fighter.dae", source: file:///C:/Program%20Files/AnyLogic%208.9%20Personal%20Learning%20Edition/plugins/com.anylogic.graphics3d_8.9.9.202607020720/static/init.js (13)
[0915/095037.301:INFO:CONSOLE(7)] "THREE.ColladaLoader: File version 1.4.0", source: file:///C:/Program%20Files/AnyLogic%208.9%20Personal%20Learning%20Edition/plugins/com.anylogic.graphics3d_8.9.9.202607020720/static/init.js (7)
[0915/095037.308:INFO:CONSOLE(13)] "Loaded: file:C:/ProgramData/AnyLogic 8.9 Personal Learning Edition/eclipse/plugins/com.anylogic.examples_8.9.9.202607020720/basicmodels/Bus Routing/3d/boxcar.dae", source: file:///C:/Program%20Files/AnyLogic%208.9%20Personal%20Learning%20Edition/plugins/com.anylogic.graphics3d_8.9.9.202607020720/static/init.js (13)
[0915/095037.311:INFO:CONSOLE(13)] "Loaded: file:C:/ProgramData/AnyLogic 8.9 Personal Learning Edition/eclipse/plugins/com.anylogic.examples_8.9.9.202607020720/basicmodels/Bus Routing/3d/boxcar.dae", source: file:///C:/Program%20Files/AnyLogic%208.9%20Personal%20Learning%20Edition/plugins/com.anylogic.graphics3d_8.9.9.202607020720/static/init.js (13)
[0915/095037.325:INFO:CONSOLE(7)] "THREE.ColladaLoader: File version 1.4.0", source: file:///C:/Program%20Files/AnyLogic%208.9%20Personal%20Learning%20Edition/plugins/com.anylogic.graphics3d_8.9.9.202607020720/static/init.js (7)
[0915/095037.330:INFO:CONSOLE(13)] "Loaded: file:C:/ProgramData/AnyLogic 8.9 Personal Learning Edition/eclipse/plugins/com.anylogic.examples_8.9.9.202607020720/basicmodels/Bus Routing/3d/opencar.dae", source: file:///C:/Program%20Files/AnyLogic%208.9%20Personal%20Learning%20Edition/plugins/com.anylogic.graphics3d_8.9.9.202607020720/static/init.js (13)
[0915/095037.336:INFO:CONSOLE(13)] "Loaded: file:C:/ProgramData/AnyLogic 8.9 Personal Learning Edition/eclipse/plugins/com.anylogic.examples_8.9.9.202607020720/basicmodels/Bus Routing/3d/opencar.dae", source: file:///C:/Program%20Files/AnyLogic%208.9%20Personal%20Learning%20Edition/plugins/com.anylogic.graphics3d_8.9.9.202607020720/static/init.js (13)
[0915/095037.384:INFO:CONSOLE(7)] "THREE.ColladaLoader: File version 1.4.0", source: file:///C:/Program%20Files/AnyLogic%208.9%20Personal%20Learning%20Edition/plugins/com.anylogic.graphics3d_8.9.9.202607020720/static/init.js (7)
[0915/095037.396:INFO:CONSOLE(13)] "Loaded: file:C:/ProgramData/AnyLogic 8.9 Personal Learning Edition/eclipse/plugins/com.anylogic.examples_8.9.9.202607020720/basicmodels/Bus Routing/3d/box_car_55.6ft.dae", source: file:///C:/Program%20Files/AnyLogic%208.9%20Personal%20Learning%20Edition/plugins/com.anylogic.graphics3d_8.9.9.202607020720/static/init.js (13)
[0915/095037.402:INFO:CONSOLE(13)] "Loaded: file:C:/ProgramData/AnyLogic 8.9 Personal Learning Edition/eclipse/plugins/com.anylogic.examples_8.9.9.202607020720/basicmodels/Bus Routing/3d/box_car_55.6ft.dae", source: file:///C:/Program%20Files/AnyLogic%208.9%20Personal%20Learning%20Edition/plugins/com.anylogic.graphics3d_8.9.9.202607020720/static/init.js (13)
[0915/095037.411:INFO:CONSOLE(7)] "THREE.ColladaLoader: File version 1.4.0", source: file:///C:/Program%20Files/AnyLogic%208.9%20Personal%20Learning%20Edition/plugins/com.anylogic.graphics3d_8.9.9.202607020720/static/init.js (7)
[0915/095037.411:INFO:CONSOLE(13)] "Loaded: file:C:/ProgramData/AnyLogic 8.9 Personal Learning Edition/eclipse/plugins/com.anylogic.examples_8.9.9.202607020720/basicmodels/Bus Routing/3d/container.dae", source: file:///C:/Program%20Files/AnyLogic%208.9%20Personal%20Learning%20Edition/plugins/com.anylogic.graphics3d_8.9.9.202607020720/static/init.js (13)
[0915/095037.418:INFO:CONSOLE(13)] "Loaded: file:C:/ProgramData/AnyLogic 8.9 Personal Learning Edition/eclipse/plugins/com.anylogic.examples_8.9.9.202607020720/basicmodels/Bus Routing/3d/container.dae", source: file:///C:/Program%20Files/AnyLogic%208.9%20Personal%20Learning%20Edition/plugins/com.anylogic.graphics3d_8.9.9.202607020720/static/init.js (13)
[0915/095037.431:INFO:CONSOLE(7)] "THREE.ColladaLoader: File version 1.4.0", source: file:///C:/Program%20Files/AnyLogic%208.9%20Personal%20Learning%20Edition/plugins/com.anylogic.graphics3d_8.9.9.202607020720/static/init.js (7)
[0915/095037.433:INFO:CONSOLE(13)] "Loaded: file:C:/ProgramData/AnyLogic 8.9 Personal Learning Edition/eclipse/plugins/com.anylogic.examples_8.9.9.202607020720/basicmodels/Bus Routing/3d/container_stack_long.dae", source: file:///C:/Program%20Files/AnyLogic%208.9%20Personal%20Learning%20Edition/plugins/com.anylogic.graphics3d_8.9.9.202607020720/static/init.js (13)
[0915/095037.437:INFO:CONSOLE(13)] "Loaded: file:C:/ProgramData/AnyLogic 8.9 Personal Learning Edition/eclipse/plugins/com.anylogic.examples_8.9.9.202607020720/basicmodels/Bus Routing/3d/container_stack_long.dae", source: file:///C:/Program%20Files/AnyLogic%208.9%20Personal%20Learning%20Edition/plugins/com.anylogic.graphics3d_8.9.9.202607020720/static/init.js (13)
[0915/095037.450:INFO:CONSOLE(7)] "THREE.ColladaLoader: File version 1.4.1", source: file:///C:/Program%20Files/AnyLogic%208.9%20Personal%20Learning%20Edition/plugins/com.anylogic.graphics3d_8.9.9.202607020720/static/init.js (7)
[0915/095037.462:INFO:CONSOLE(13)] "Loaded: file:C:/ProgramData/AnyLogic 8.9 Personal Learning Edition/eclipse/plugins/com.anylogic.examples_8.9.9.202607020720/basicmodels/Bus Routing/3d/truck_2.dae", source: file:///C:/Program%20Files/AnyLogic%208.9%20Personal%20Learning%20Edition/plugins/com.anylogic.graphics3d_8.9.9.202607020720/static/init.js (13)
[0915/095037.464:INFO:CONSOLE(13)] "Loaded: file:C:/ProgramData/AnyLogic 8.9 Personal Learning Edition/eclipse/plugins/com.anylogic.examples_8.9.9.202607020720/basicmodels/Bus Routing/3d/truck_2.dae", source: file:///C:/Program%20Files/AnyLogic%208.9%20Personal%20Learning%20Edition/plugins/com.anylogic.graphics3d_8.9.9.202607020720/static/init.js (13)
[0915/095037.476:INFO:CONSOLE(7)] "THREE.ColladaLoader: File version 1.4.1", source: file:///C:/Program%20Files/AnyLogic%208.9%20Personal%20Learning%20Edition/plugins/com.anylogic.graphics3d_8.9.9.202607020720/static/init.js (7)
[0915/095037.482:INFO:CONSOLE(13)] "Loaded: file:C:/ProgramData/AnyLogic 8.9 Personal Learning Edition/eclipse/plugins/com.anylogic.examples_8.9.9.202607020720/basicmodels/Bus Routing/3d/truck_3.dae", source: file:///C:/Program%20Files/AnyLogic%208.9%20Personal%20Learning%20Edition/plugins/com.anylogic.graphics3d_8.9.9.202607020720/static/init.js (13)
[0915/095037.482:INFO:CONSOLE(13)] "Loaded: file:C:/ProgramData/AnyLogic 8.9 Personal Learning Edition/eclipse/plugins/com.anylogic.examples_8.9.9.202607020720/basicmodels/Bus Routing/3d/truck_3.dae", source: file:///C:/Program%20Files/AnyLogic%208.9%20Personal%20Learning%20Edition/plugins/com.anylogic.graphics3d_8.9.9.202607020720/static/init.js (13)
[0915/095037.495:INFO:CONSOLE(7)] "THREE.ColladaLoader: File version 1.4.1", source: file:///C:/Program%20Files/AnyLogic%208.9%20Personal%20Learning%20Edition/plugins/com.anylogic.graphics3d_8.9.9.202607020720/static/init.js (7)
[0915/095037.502:INFO:CONSOLE(13)] "Loaded: file:C:/ProgramData/AnyLogic 8.9 Personal Learning Edition/eclipse/plugins/com.anylogic.examples_8.9.9.202607020720/basicmodels/Bus Routing/3d/truck_1.dae", source: file:///C:/Program%20Files/AnyLogic%208.9%20Personal%20Learning%20Edition/plugins/com.anylogic.graphics3d_8.9.9.202607020720/static/init.js (13)
[0915/095037.505:INFO:CONSOLE(13)] "Loaded: file:C:/ProgramData/AnyLogic 8.9 Personal Learning Edition/eclipse/plugins/com.anylogic.examples_8.9.9.202607020720/basicmodels/Bus Routing/3d/truck_1.dae", source: file:///C:/Program%20Files/AnyLogic%208.9%20Personal%20Learning%20Edition/plugins/com.anylogic.graphics3d_8.9.9.202607020720/static/init.js (13)
[0915/095037.512:INFO:CONSOLE(7)] "THREE.ColladaLoader: File version 1.4.0", source: file:///C:/Program%20Files/AnyLogic%208.9%20Personal%20Learning%20Edition/plugins/com.anylogic.graphics3d_8.9.9.202607020720/static/init.js (7)
[0915/095037.520:INFO:CONSOLE(13)] "Loaded: file:C:/ProgramData/AnyLogic 8.9 Personal Learning Edition/eclipse/plugins/com.anylogic.examples_8.9.9.202607020720/basicmodels/Bus Routing/3d/lorry.dae", source: file:///C:/Program%20Files/AnyLogic%208.9%20Personal%20Learning%20Edition/plugins/com.anylogic.graphics3d_8.9.9.202607020720/static/init.js (13)
[0915/095037.522:INFO:CONSOLE(13)] "Loaded: file:C:/ProgramData/AnyLogic 8.9 Personal Learning Edition/eclipse/plugins/com.anylogic.examples_8.9.9.202607020720/basicmodels/Bus Routing/3d/lorry.dae", source: file:///C:/Program%20Files/AnyLogic%208.9%20Personal%20Learning%20Edition/plugins/com.anylogic.graphics3d_8.9.9.202607020720/static/init.js (13)
[0915/095037.537:INFO:CONSOLE(7)] "THREE.ColladaLoader: File version 1.4.1", source: file:///C:/Program%20Files/AnyLogic%208.9%20Personal%20Learning%20Edition/plugins/com.anylogic.graphics3d_8.9.9.202607020720/static/init.js (7)
[0915/095037.554:INFO:CONSOLE(13)] "Loaded: file:C:/ProgramData/AnyLogic 8.9 Personal Learning Edition/eclipse/plugins/com.anylogic.examples_8.9.9.202607020720/basicmodels/Bus Routing/3d/bicycle.dae", source: file:///C:/Program%20Files/AnyLogic%208.9%20Personal%20Learning%20Edition/plugins/com.anylogic.graphics3d_8.9.9.202607020720/static/init.js (13)
[0915/095037.554:INFO:CONSOLE(13)] "Loaded: file:C:/ProgramData/AnyLogic 8.9 Personal Learning Edition/eclipse/plugins/com.anylogic.examples_8.9.9.202607020720/basicmodels/Bus Routing/3d/bicycle.dae", source: file:///C:/Program%20Files/AnyLogic%208.9%20Personal%20Learning%20Edition/plugins/com.anylogic.graphics3d_8.9.9.202607020720/static/init.js (13)
[0915/095037.602:INFO:CONSOLE(7)] "THREE.ColladaLoader: File version 1.4.0", source: file:///C:/Program%20Files/AnyLogic%208.9%20Personal%20Learning%20Edition/plugins/com.anylogic.graphics3d_8.9.9.202607020720/static/init.js (7)
[0915/095037.605:INFO:CONSOLE(13)] "Loaded: file:C:/ProgramData/AnyLogic 8.9 Personal Learning Edition/eclipse/plugins/com.anylogic.examples_8.9.9.202607020720/basicmodels/Bus Routing/3d/generator.dae", source: file:///C:/Program%20Files/AnyLogic%208.9%20Personal%20Learning%20Edition/plugins/com.anylogic.graphics3d_8.9.9.202607020720/static/init.js (13)
[0915/095037.610:INFO:CONSOLE(13)] "Loaded: file:C:/ProgramData/AnyLogic 8.9 Personal Learning Edition/eclipse/plugins/com.anylogic.examples_8.9.9.202607020720/basicmodels/Bus Routing/3d/generator.dae", source: file:///C:/Program%20Files/AnyLogic%208.9%20Personal%20Learning%20Edition/plugins/com.anylogic.graphics3d_8.9.9.202607020720/static/init.js (13)
[0915/095037.626:INFO:CONSOLE(7)] "THREE.ColladaLoader: File version 1.4.0", source: file:///C:/Program%20Files/AnyLogic%208.9%20Personal%20Learning%20Edition/plugins/com.anylogic.graphics3d_8.9.9.202607020720/static/init.js (7)
[0915/095037.626:INFO:CONSOLE(13)] "Loaded: file:C:/ProgramData/AnyLogic 8.9 Personal Learning Edition/eclipse/plugins/com.anylogic.examples_8.9.9.202607020720/basicmodels/Bus Routing/3d/house_2_night.dae", source: file:///C:/Program%20Files/AnyLogic%208.9%20Personal%20Learning%20Edition/plugins/com.anylogic.graphics3d_8.9.9.202607020720/static/init.js (13)
[0915/095037.626:INFO:CONSOLE(13)] "Loaded: file:C:/ProgramData/AnyLogic 8.9 Personal Learning Edition/eclipse/plugins/com.anylogic.examples_8.9.9.202607020720/basicmodels/Bus Routing/3d/house_2_night.dae", source: file:///C:/Program%20Files/AnyLogic%208.9%20Personal%20Learning%20Edition/plugins/com.anylogic.graphics3d_8.9.9.202607020720/static/init.js (13)
[0915/095354.344:INFO:CONSOLE(7)] "THREE.ColladaLoader: File version 1.4.0", source: file:///C:/Program%20Files/AnyLogic%208.9%20Personal%20Learning%20Edition/plugins/com.anylogic.graphics3d_8.9.9.202607020720/static/init.js (7)
[0915/095354.364:INFO:CONSOLE(13)] "Loaded: file:C:/ProgramData/AnyLogic 8.9 Personal Learning Edition/eclipse/plugins/com.anylogic.examples_8.9.9.202607020720/basicmodels/Create Transporter Network by Code/3d/dozer.dae", source: file:///C:/Program%20Files/AnyLogic%208.9%20Personal%20Learning%20Edition/plugins/com.anylogic.graphics3d_8.9.9.202607020720/static/init.js (13)
[0915/095354.385:INFO:CONSOLE(13)] "Loaded: file:C:/ProgramData/AnyLogic 8.9 Personal Learning Edition/eclipse/plugins/com.anylogic.examples_8.9.9.202607020720/basicmodels/Create Transporter Network by Code/3d/dozer.dae", source: file:///C:/Program%20Files/AnyLogic%208.9%20Personal%20Learning%20Edition/plugins/com.anylogic.graphics3d_8.9.9.202607020720/static/init.js (13)
[0915/100113.339:INFO:CONSOLE(7)] "THREE.ColladaLoader: File version 1.4.0", source: file:///C:/Program%20Files/AnyLogic%208.9%20Personal%20Learning%20Edition/plugins/com.anylogic.graphics3d_8.9.9.202607020720/static/init.js (7)
[0915/100113.342:INFO:CONSOLE(13)] "Loaded: file:C:/ProgramData/AnyLogic 8.9 Personal Learning Edition/eclipse/plugins/com.anylogic.examples_8.9.9.202607020720/models/Distribution Center/3d/tree_1.dae", source: file:///C:/Program%20Files/AnyLogic%208.9%20Personal%20Learning%20Edition/plugins/com.anylogic.graphics3d_8.9.9.202607020720/static/init.js (13)
[0915/100113.346:INFO:CONSOLE(13)] "Loaded: file:C:/ProgramData/AnyLogic 8.9 Personal Learning Edition/eclipse/plugins/com.anylogic.examples_8.9.9.202607020720/models/Distribution Center/3d/tree_1.dae", source: file:///C:/Program%20Files/AnyLogic%208.9%20Personal%20Learning%20Edition/plugins/com.anylogic.graphics3d_8.9.9.202607020720/static/init.js (13)
[0915/100113.363:INFO:CONSOLE(7)] "THREE.ColladaLoader: File version 1.4.0", source: file:///C:/Program%20Files/AnyLogic%208.9%20Personal%20Learning%20Edition/plugins/com.anylogic.graphics3d_8.9.9.202607020720/static/init.js (7)
[0915/100113.370:INFO:CONSOLE(13)] "Loaded: file:C:/ProgramData/AnyLogic 8.9 Personal Learning Edition/eclipse/plugins/com.anylogic.examples_8.9.9.202607020720/models/Distribution Center/3d/truck.dae", source: file:///C:/Program%20Files/AnyLogic%208.9%20Personal%20Learning%20Edition/plugins/com.anylogic.graphics3d_8.9.9.202607020720/static/init.js (13)
[0915/100113.373:INFO:CONSOLE(13)] "Loaded: file:C:/ProgramData/AnyLogic 8.9 Personal Learning Edition/eclipse/plugins/com.anylogic.examples_8.9.9.202607020720/models/Distribution Center/3d/truck.dae", source: file:///C:/Program%20Files/AnyLogic%208.9%20Personal%20Learning%20Edition/plugins/com.anylogic.graphics3d_8.9.9.202607020720/static/init.js (13)
[0915/100113.384:INFO:CONSOLE(13)] "Loaded: file:C:/ProgramData/AnyLogic 8.9 Personal Learning Edition/eclipse/plugins/com.anylogic.examples_8.9.9.202607020720/models/Distribution Center/3d/truck.dae", source: file:///C:/Program%20Files/AnyLogic%208.9%20Personal%20Learning%20Edition/plugins/com.anylogic.graphics3d_8.9.9.202607020720/static/init.js (13)
[0915/100113.411:INFO:CONSOLE(7)] "THREE.ColladaLoader: File version 1.4.0", source: file:///C:/Program%20Files/AnyLogic%208.9%20Personal%20Learning%20Edition/plugins/com.anylogic.graphics3d_8.9.9.202607020720/static/init.js (7)
[0915/100113.423:INFO:CONSOLE(13)] "Loaded: file:C:/ProgramData/AnyLogic 8.9 Personal Learning Edition/eclipse/plugins/com.anylogic.examples_8.9.9.202607020720/models/Distribution Center/3d/worker.dae", source: file:///C:/Program%20Files/AnyLogic%208.9%20Personal%20Learning%20Edition/plugins/com.anylogic.graphics3d_8.9.9.202607020720/static/init.js (13)
[0915/100113.427:INFO:CONSOLE(13)] "Loaded: file:C:/ProgramData/AnyLogic 8.9 Personal Learning Edition/eclipse/plugins/com.anylogic.examples_8.9.9.202607020720/models/Distribution Center/3d/worker.dae", source: file:///C:/Program%20Files/AnyLogic%208.9%20Personal%20Learning%20Edition/plugins/com.anylogic.graphics3d_8.9.9.202607020720/static/init.js (13)
[0915/100113.477:INFO:CONSOLE(7)] "THREE.ColladaLoader: File version 1.4.0", source: file:///C:/Program%20Files/AnyLogic%208.9%20Personal%20Learning%20Edition/plugins/com.anylogic.graphics3d_8.9.9.202607020720/static/init.js (7)
[0915/100113.487:INFO:CONSOLE(13)] "Loaded: file:C:/ProgramData/AnyLogic 8.9 Personal Learning Edition/eclipse/plugins/com.anylogic.examples_8.9.9.202607020720/models/Distribution Center/3d/table.dae", source: file:///C:/Program%20Files/AnyLogic%208.9%20Personal%20Learning%20Edition/plugins/com.anylogic.graphics3d_8.9.9.202607020720/static/init.js (13)
[0915/100113.492:INFO:CONSOLE(13)] "Loaded: file:C:/ProgramData/AnyLogic 8.9 Personal Learning Edition/eclipse/plugins/com.anylogic.examples_8.9.9.202607020720/models/Distribution Center/3d/table.dae", source: file:///C:/Program%20Files/AnyLogic%208.9%20Personal%20Learning%20Edition/plugins/com.anylogic.graphics3d_8.9.9.202607020720/static/init.js (13)
[0915/100113.503:INFO:CONSOLE(7)] "THREE.ColladaLoader: File version 1.4.0", source: file:///C:/Program%20Files/AnyLogic%208.9%20Personal%20Learning%20Edition/plugins/com.anylogic.graphics3d_8.9.9.202607020720/static/init.js (7)
[0915/100113.505:INFO:CONSOLE(13)] "Loaded: file:C:/ProgramData/AnyLogic 8.9 Personal Learning Edition/eclipse/plugins/com.anylogic.examples_8.9.9.202607020720/models/Distribution Center/3d/chair.dae", source: file:///C:/Program%20Files/AnyLogic%208.9%20Personal%20Learning%20Edition/plugins/com.anylogic.graphics3d_8.9.9.202607020720/static/init.js (13)
[0915/100113.508:INFO:CONSOLE(13)] "Loaded: file:C:/ProgramData/AnyLogic 8.9 Personal Learning Edition/eclipse/plugins/com.anylogic.examples_8.9.9.202607020720/models/Distribution Center/3d/chair.dae", source: file:///C:/Program%20Files/AnyLogic%208.9%20Personal%20Learning%20Edition/plugins/com.anylogic.graphics3d_8.9.9.202607020720/static/init.js (13)
[0915/100113.519:INFO:CONSOLE(7)] "THREE.ColladaLoader: File version 1.4.0", source: file:///C:/Program%20Files/AnyLogic%208.9%20Personal%20Learning%20Edition/plugins/com.anylogic.graphics3d_8.9.9.202607020720/static/init.js (7)
[0915/100113.531:INFO:CONSOLE(13)] "Loaded: file:C:/ProgramData/AnyLogic 8.9 Personal Learning Edition/eclipse/plugins/com.anylogic.examples_8.9.9.202607020720/models/Distribution Center/3d/person_sitting.dae", source: file:///C:/Program%20Files/AnyLogic%208.9%20Personal%20Learning%20Edition/plugins/com.anylogic.graphics3d_8.9.9.202607020720/static/init.js (13)
[0915/100113.535:INFO:CONSOLE(13)] "Loaded: file:C:/ProgramData/AnyLogic 8.9 Personal Learning Edition/eclipse/plugins/com.anylogic.examples_8.9.9.202607020720/models/Distribution Center/3d/person_sitting.dae", source: file:///C:/Program%20Files/AnyLogic%208.9%20Personal%20Learning%20Edition/plugins/com.anylogic.graphics3d_8.9.9.202607020720/static/init.js (13)
[0915/100113.545:INFO:CONSOLE(7)] "THREE.ColladaLoader: File version 1.4.0", source: file:///C:/Program%20Files/AnyLogic%208.9%20Personal%20Learning%20Edition/plugins/com.anylogic.graphics3d_8.9.9.202607020720/static/init.js (7)
[0915/100113.546:INFO:CONSOLE(13)] "Loaded: file:C:/ProgramData/AnyLogic 8.9 Personal Learning Edition/eclipse/plugins/com.anylogic.examples_8.9.9.202607020720/models/Distribution Center/3d/computer_on.dae", source: file:///C:/Program%20Files/AnyLogic%208.9%20Personal%20Learning%20Edition/plugins/com.anylogic.graphics3d_8.9.9.202607020720/static/init.js (13)
[0915/100113.550:INFO:CONSOLE(13)] "Loaded: file:C:/ProgramData/AnyLogic 8.9 Personal Learning Edition/eclipse/plugins/com.anylogic.examples_8.9.9.202607020720/models/Distribution Center/3d/computer_on.dae", source: file:///C:/Program%20Files/AnyLogic%208.9%20Personal%20Learning%20Edition/plugins/com.anylogic.graphics3d_8.9.9.202607020720/static/init.js (13)
[0915/100113.564:INFO:CONSOLE(7)] "THREE.ColladaLoader: File version 1.4.0", source: file:///C:/Program%20Files/AnyLogic%208.9%20Personal%20Learning%20Edition/plugins/com.anylogic.graphics3d_8.9.9.202607020720/static/init.js (7)
[0915/100113.566:INFO:CONSOLE(13)] "Loaded: file:C:/ProgramData/AnyLogic 8.9 Personal Learning Edition/eclipse/plugins/com.anylogic.examples_8.9.9.202607020720/models/Distribution Center/3d/monitor_on.dae", source: file:///C:/Program%20Files/AnyLogic%208.9%20Personal%20Learning%20Edition/plugins/com.anylogic.graphics3d_8.9.9.202607020720/static/init.js (13)
[0915/100113.569:INFO:CONSOLE(13)] "Loaded: file:C:/ProgramData/AnyLogic 8.9 Personal Learning Edition/eclipse/plugins/com.anylogic.examples_8.9.9.202607020720/models/Distribution Center/3d/monitor_on.dae", source: file:///C:/Program%20Files/AnyLogic%208.9%20Personal%20Learning%20Edition/plugins/com.anylogic.graphics3d_8.9.9.202607020720/static/init.js (13)
[0915/100113.580:INFO:CONSOLE(7)] "THREE.ColladaLoader: File version 1.4.0", source: file:///C:/Program%20Files/AnyLogic%208.9%20Personal%20Learning%20Edition/plugins/com.anylogic.graphics3d_8.9.9.202607020720/static/init.js (7)
[0915/100113.581:INFO:CONSOLE(13)] "Loaded: file:C:/ProgramData/AnyLogic 8.9 Personal Learning Edition/eclipse/plugins/com.anylogic.examples_8.9.9.202607020720/models/Distribution Center/3d/keyboard.dae", source: file:///C:/Program%20Files/AnyLogic%208.9%20Personal%20Learning%20Edition/plugins/com.anylogic.graphics3d_8.9.9.202607020720/static/init.js (13)
[0915/100113.585:INFO:CONSOLE(13)] "Loaded: file:C:/ProgramData/AnyLogic 8.9 Personal Learning Edition/eclipse/plugins/com.anylogic.examples_8.9.9.202607020720/models/Distribution Center/3d/keyboard.dae", source: file:///C:/Program%20Files/AnyLogic%208.9%20Personal%20Learning%20Edition/plugins/com.anylogic.graphics3d_8.9.9.202607020720/static/init.js (13)
[0915/100113.594:INFO:CONSOLE(7)] "THREE.ColladaLoader: File version 1.4.0", source: file:///C:/Program%20Files/AnyLogic%208.9%20Personal%20Learning%20Edition/plugins/com.anylogic.graphics3d_8.9.9.202607020720/static/init.js (7)
[0915/100113.596:INFO:CONSOLE(13)] "Loaded: file:C:/ProgramData/AnyLogic 8.9 Personal Learning Edition/eclipse/plugins/com.anylogic.examples_8.9.9.202607020720/models/Distribution Center/3d/phone.dae", source: file:///C:/Program%20Files/AnyLogic%208.9%20Personal%20Learning%20Edition/plugins/com.anylogic.graphics3d_8.9.9.202607020720/static/init.js (13)
[0915/100113.600:INFO:CONSOLE(13)] "Loaded: file:C:/ProgramData/AnyLogic 8.9 Personal Learning Edition/eclipse/plugins/com.anylogic.examples_8.9.9.202607020720/models/Distribution Center/3d/phone.dae", source: file:///C:/Program%20Files/AnyLogic%208.9%20Personal%20Learning%20Edition/plugins/com.anylogic.graphics3d_8.9.9.202607020720/static/init.js (13)
[0915/100113.617:INFO:CONSOLE(7)] "THREE.ColladaLoader: File version 1.4.0", source: file:///C:/Program%20Files/AnyLogic%208.9%20Personal%20Learning%20Edition/plugins/com.anylogic.graphics3d_8.9.9.202607020720/static/init.js (7)
[0915/100113.619:INFO:CONSOLE(13)] "Loaded: file:C:/ProgramData/AnyLogic 8.9 Personal Learning Edition/eclipse/plugins/com.anylogic.examples_8.9.9.202607020720/models/Distribution Center/3d/pallet.dae", source: file:///C:/Program%20Files/AnyLogic%208.9%20Personal%20Learning%20Edition/plugins/com.anylogic.graphics3d_8.9.9.202607020720/static/init.js (13)
[0915/100113.623:INFO:CONSOLE(13)] "Loaded: file:C:/ProgramData/AnyLogic 8.9 Personal Learning Edition/eclipse/plugins/com.anylogic.examples_8.9.9.202607020720/models/Distribution Center/3d/pallet.dae", source: file:///C:/Program%20Files/AnyLogic%208.9%20Personal%20Learning%20Edition/plugins/com.anylogic.graphics3d_8.9.9.202607020720/static/init.js (13)
[0915/100231.644:INFO:CONSOLE(7)] "THREE.ColladaLoader: File version 1.4.0", source: file:///C:/Program%20Files/AnyLogic%208.9%20Personal%20Learning%20Edition/plugins/com.anylogic.graphics3d_8.9.9.202607020720/static/init.js (7)
[0915/100231.647:INFO:CONSOLE(13)] "Loaded: file:C:/ProgramData/AnyLogic 8.9 Personal Learning Edition/eclipse/plugins/com.anylogic.examples_8.9.9.202607020720/models/Distribution Center/3d/forklift.dae", source: file:///C:/Program%20Files/AnyLogic%208.9%20Personal%20Learning%20Edition/plugins/com.anylogic.graphics3d_8.9.9.202607020720/static/init.js (13)
[0915/100231.651:INFO:CONSOLE(13)] "Loaded: file:C:/ProgramData/AnyLogic 8.9 Personal Learning Edition/eclipse/plugins/com.anylogic.examples_8.9.9.202607020720/models/Distribution Center/3d/forklift.dae", source: file:///C:/Program%20Files/AnyLogic%208.9%20Personal%20Learning%20Edition/plugins/com.anylogic.graphics3d_8.9.9.202607020720/static/init.js (13)
[0915/100231.664:INFO:CONSOLE(7)] "THREE.ColladaLoader: File version 1.4.0", source: file:///C:/Program%20Files/AnyLogic%208.9%20Personal%20Learning%20Edition/plugins/com.anylogic.graphics3d_8.9.9.202607020720/static/init.js (7)
[0915/100231.676:INFO:CONSOLE(13)] "Loaded: file:C:/ProgramData/AnyLogic 8.9 Personal Learning Edition/eclipse/plugins/com.anylogic.examples_8.9.9.202607020720/models/Distribution Center/3d/sittingworker.dae", source: file:///C:/Program%20Files/AnyLogic%208.9%20Personal%20Learning%20Edition/plugins/com.anylogic.graphics3d_8.9.9.202607020720/static/init.js (13)
[0915/100231.679:INFO:CONSOLE(13)] "Loaded: file:C:/ProgramData/AnyLogic 8.9 Personal Learning Edition/eclipse/plugins/com.anylogic.examples_8.9.9.202607020720/models/Distribution Center/3d/sittingworker.dae", source: file:///C:/Program%20Files/AnyLogic%208.9%20Personal%20Learning%20Edition/plugins/com.anylogic.graphics3d_8.9.9.202607020720/static/init.js (13)
[0915/124134.592:INFO:CONSOLE(7)] "THREE.ColladaLoader: File version 1.4.0", source: file:///C:/Program%20Files/AnyLogic%208.9%20Personal%20Learning%20Edition/plugins/com.anylogic.graphics3d_8.9.9.202607020720/static/init.js (7)
[0915/124134.601:INFO:CONSOLE(13)] "Loaded: file:C:/repos/anylogic-open-pit-mine/examples/DistributionCenter/3d/tree_1.dae", source: file:///C:/Program%20Files/AnyLogic%208.9%20Personal%20Learning%20Edition/plugins/com.anylogic.graphics3d_8.9.9.202607020720/static/init.js (13)
[0915/124134.608:INFO:CONSOLE(13)] "Loaded: file:C:/repos/anylogic-open-pit-mine/examples/DistributionCenter/3d/tree_1.dae", source: file:///C:/Program%20Files/AnyLogic%208.9%20Personal%20Learning%20Edition/plugins/com.anylogic.graphics3d_8.9.9.202607020720/static/init.js (13)
[0915/124134.690:INFO:CONSOLE(7)] "THREE.ColladaLoader: File version 1.4.0", source: file:///C:/Program%20Files/AnyLogic%208.9%20Personal%20Learning%20Edition/plugins/com.anylogic.graphics3d_8.9.9.202607020720/static/init.js (7)
[0915/124134.705:INFO:CONSOLE(13)] "Loaded: file:C:/repos/anylogic-open-pit-mine/examples/DistributionCenter/3d/truck.dae", source: file:///C:/Program%20Files/AnyLogic%208.9%20Personal%20Learning%20Edition/plugins/com.anylogic.graphics3d_8.9.9.202607020720/static/init.js (13)
[0915/124134.712:INFO:CONSOLE(13)] "Loaded: file:C:/repos/anylogic-open-pit-mine/examples/DistributionCenter/3d/truck.dae", source: file:///C:/Program%20Files/AnyLogic%208.9%20Personal%20Learning%20Edition/plugins/com.anylogic.graphics3d_8.9.9.202607020720/static/init.js (13)
[0915/124134.729:INFO:CONSOLE(13)] "Loaded: file:C:/repos/anylogic-open-pit-mine/examples/DistributionCenter/3d/truck.dae", source: file:///C:/Program%20Files/AnyLogic%208.9%20Personal%20Learning%20Edition/plugins/com.anylogic.graphics3d_8.9.9.202607020720/static/init.js (13)
[0915/124134.762:INFO:CONSOLE(7)] "THREE.ColladaLoader: File version 1.4.0", source: file:///C:/Program%20Files/AnyLogic%208.9%20Personal%20Learning%20Edition/plugins/com.anylogic.graphics3d_8.9.9.202607020720/static/init.js (7)
[0915/124134.774:INFO:CONSOLE(13)] "Loaded: file:C:/repos/anylogic-open-pit-mine/examples/DistributionCenter/3d/worker.dae", source: file:///C:/Program%20Files/AnyLogic%208.9%20Personal%20Learning%20Edition/plugins/com.anylogic.graphics3d_8.9.9.202607020720/static/init.js (13)
[0915/124134.780:INFO:CONSOLE(13)] "Loaded: file:C:/repos/anylogic-open-pit-mine/examples/DistributionCenter/3d/worker.dae", source: file:///C:/Program%20Files/AnyLogic%208.9%20Personal%20Learning%20Edition/plugins/com.anylogic.graphics3d_8.9.9.202607020720/static/init.js (13)
[0915/124134.803:INFO:CONSOLE(7)] "THREE.ColladaLoader: File version 1.4.0", source: file:///C:/Program%20Files/AnyLogic%208.9%20Personal%20Learning%20Edition/plugins/com.anylogic.graphics3d_8.9.9.202607020720/static/init.js (7)
[0915/124134.815:INFO:CONSOLE(13)] "Loaded: file:C:/repos/anylogic-open-pit-mine/examples/DistributionCenter/3d/table.dae", source: file:///C:/Program%20Files/AnyLogic%208.9%20Personal%20Learning%20Edition/plugins/com.anylogic.graphics3d_8.9.9.202607020720/static/init.js (13)
[0915/124134.820:INFO:CONSOLE(13)] "Loaded: file:C:/repos/anylogic-open-pit-mine/examples/DistributionCenter/3d/table.dae", source: file:///C:/Program%20Files/AnyLogic%208.9%20Personal%20Learning%20Edition/plugins/com.anylogic.graphics3d_8.9.9.202607020720/static/init.js (13)
[0915/124134.834:INFO:CONSOLE(7)] "THREE.ColladaLoader: File version 1.4.0", source: file:///C:/Program%20Files/AnyLogic%208.9%20Personal%20Learning%20Edition/plugins/com.anylogic.graphics3d_8.9.9.202607020720/static/init.js (7)
[0915/124134.836:INFO:CONSOLE(13)] "Loaded: file:C:/repos/anylogic-open-pit-mine/examples/DistributionCenter/3d/chair.dae", source: file:///C:/Program%20Files/AnyLogic%208.9%20Personal%20Learning%20Edition/plugins/com.anylogic.graphics3d_8.9.9.202607020720/static/init.js (13)
[0915/124134.841:INFO:CONSOLE(13)] "Loaded: file:C:/repos/anylogic-open-pit-mine/examples/DistributionCenter/3d/chair.dae", source: file:///C:/Program%20Files/AnyLogic%208.9%20Personal%20Learning%20Edition/plugins/com.anylogic.graphics3d_8.9.9.202607020720/static/init.js (13)
[0915/124134.854:INFO:CONSOLE(7)] "THREE.ColladaLoader: File version 1.4.0", source: file:///C:/Program%20Files/AnyLogic%208.9%20Personal%20Learning%20Edition/plugins/com.anylogic.graphics3d_8.9.9.202607020720/static/init.js (7)
[0915/124134.869:INFO:CONSOLE(13)] "Loaded: file:C:/repos/anylogic-open-pit-mine/examples/DistributionCenter/3d/person_sitting.dae", source: file:///C:/Program%20Files/AnyLogic%208.9%20Personal%20Learning%20Edition/plugins/com.anylogic.graphics3d_8.9.9.202607020720/static/init.js (13)
[0915/124134.874:INFO:CONSOLE(13)] "Loaded: file:C:/repos/anylogic-open-pit-mine/examples/DistributionCenter/3d/person_sitting.dae", source: file:///C:/Program%20Files/AnyLogic%208.9%20Personal%20Learning%20Edition/plugins/com.anylogic.graphics3d_8.9.9.202607020720/static/init.js (13)
[0915/124134.891:INFO:CONSOLE(7)] "THREE.ColladaLoader: File version 1.4.0", source: file:///C:/Program%20Files/AnyLogic%208.9%20Personal%20Learning%20Edition/plugins/com.anylogic.graphics3d_8.9.9.202607020720/static/init.js (7)
[0915/124134.894:INFO:CONSOLE(13)] "Loaded: file:C:/repos/anylogic-open-pit-mine/examples/DistributionCenter/3d/computer_on.dae", source: file:///C:/Program%20Files/AnyLogic%208.9%20Personal%20Learning%20Edition/plugins/com.anylogic.graphics3d_8.9.9.202607020720/static/init.js (13)
[0915/124134.899:INFO:CONSOLE(13)] "Loaded: file:C:/repos/anylogic-open-pit-mine/examples/DistributionCenter/3d/computer_on.dae", source: file:///C:/Program%20Files/AnyLogic%208.9%20Personal%20Learning%20Edition/plugins/com.anylogic.graphics3d_8.9.9.202607020720/static/init.js (13)
[0915/124134.912:INFO:CONSOLE(7)] "THREE.ColladaLoader: File version 1.4.0", source: file:///C:/Program%20Files/AnyLogic%208.9%20Personal%20Learning%20Edition/plugins/com.anylogic.graphics3d_8.9.9.202607020720/static/init.js (7)
[0915/124134.914:INFO:CONSOLE(13)] "Loaded: file:C:/repos/anylogic-open-pit-mine/examples/DistributionCenter/3d/monitor_on.dae", source: file:///C:/Program%20Files/AnyLogic%208.9%20Personal%20Learning%20Edition/plugins/com.anylogic.graphics3d_8.9.9.202607020720/static/init.js (13)
[0915/124134.918:INFO:CONSOLE(13)] "Loaded: file:C:/repos/anylogic-open-pit-mine/examples/DistributionCenter/3d/monitor_on.dae", source: file:///C:/Program%20Files/AnyLogic%208.9%20Personal%20Learning%20Edition/plugins/com.anylogic.graphics3d_8.9.9.202607020720/static/init.js (13)
[0915/124134.931:INFO:CONSOLE(7)] "THREE.ColladaLoader: File version 1.4.0", source: file:///C:/Program%20Files/AnyLogic%208.9%20Personal%20Learning%20Edition/plugins/com.anylogic.graphics3d_8.9.9.202607020720/static/init.js (7)
[0915/124134.933:INFO:CONSOLE(13)] "Loaded: file:C:/repos/anylogic-open-pit-mine/examples/DistributionCenter/3d/keyboard.dae", source: file:///C:/Program%20Files/AnyLogic%208.9%20Personal%20Learning%20Edition/plugins/com.anylogic.graphics3d_8.9.9.202607020720/static/init.js (13)
[0915/124134.938:INFO:CONSOLE(13)] "Loaded: file:C:/repos/anylogic-open-pit-mine/examples/DistributionCenter/3d/keyboard.dae", source: file:///C:/Program%20Files/AnyLogic%208.9%20Personal%20Learning%20Edition/plugins/com.anylogic.graphics3d_8.9.9.202607020720/static/init.js (13)
[0915/124134.950:INFO:CONSOLE(7)] "THREE.ColladaLoader: File version 1.4.0", source: file:///C:/Program%20Files/AnyLogic%208.9%20Personal%20Learning%20Edition/plugins/com.anylogic.graphics3d_8.9.9.202607020720/static/init.js (7)
[0915/124134.951:INFO:CONSOLE(13)] "Loaded: file:C:/repos/anylogic-open-pit-mine/examples/DistributionCenter/3d/phone.dae", source: file:///C:/Program%20Files/AnyLogic%208.9%20Personal%20Learning%20Edition/plugins/com.anylogic.graphics3d_8.9.9.202607020720/static/init.js (13)
[0915/124134.956:INFO:CONSOLE(13)] "Loaded: file:C:/repos/anylogic-open-pit-mine/examples/DistributionCenter/3d/phone.dae", source: file:///C:/Program%20Files/AnyLogic%208.9%20Personal%20Learning%20Edition/plugins/com.anylogic.graphics3d_8.9.9.202607020720/static/init.js (13)
[0915/124134.973:INFO:CONSOLE(7)] "THREE.ColladaLoader: File version 1.4.0", source: file:///C:/Program%20Files/AnyLogic%208.9%20Personal%20Learning%20Edition/plugins/com.anylogic.graphics3d_8.9.9.202607020720/static/init.js (7)
[0915/124134.975:INFO:CONSOLE(13)] "Loaded: file:C:/repos/anylogic-open-pit-mine/examples/DistributionCenter/3d/pallet.dae", source: file:///C:/Program%20Files/AnyLogic%208.9%20Personal%20Learning%20Edition/plugins/com.anylogic.graphics3d_8.9.9.202607020720/static/init.js (13)
[0915/124134.981:INFO:CONSOLE(13)] "Loaded: file:C:/repos/anylogic-open-pit-mine/examples/DistributionCenter/3d/pallet.dae", source: file:///C:/Program%20Files/AnyLogic%208.9%20Personal%20Learning%20Edition/plugins/com.anylogic.graphics3d_8.9.9.202607020720/static/init.js (13)
[0915/124332.670:ERROR:gpu_init.cc(523)] Passthrough is not supported, GL is disabled, ANGLE is 
